[0.000000] (-) TimerEvent: {}
[0.000194] (robot_calc_velocity) JobQueued: {'identifier': 'robot_calc_velocity', 'dependencies': OrderedDict()}
[0.000405] (robot_calc_velocity) JobStarted: {'identifier': 'robot_calc_velocity'}
[0.010110] (robot_calc_velocity) JobProgress: {'identifier': 'robot_calc_velocity', 'progress': 'cmake'}
[0.010443] (robot_calc_velocity) Command: {'cmd': ['/usr/bin/cmake', '/home/host/ros_ws/src/projeto1/robot_calc_velocity', '-DAMENT_CMAKE_SYMLINK_INSTALL=1', '-DCMAKE_INSTALL_PREFIX=/home/host/ros_ws/src/projeto1/install/robot_calc_velocity'], 'cwd': '/home/host/ros_ws/src/projeto1/build/robot_calc_velocity', 'env': OrderedDict({'GZ_SIM_RESOURCE_PATH': '/opt/ros/jazzy/share', 'GZ_CONFIG_PATH': '/opt/ros/jazzy/opt/gz_sim_vendor/share/gz:/opt/ros/jazzy/opt/sdformat_vendor/share/gz:/opt/ros/jazzy/opt/gz_gui_vendor/share/gz:/opt/ros/jazzy/opt/gz_transport_vendor/share/gz:/opt/ros/jazzy/opt/gz_rendering_vendor/share/gz:/opt/ros/jazzy/opt/gz_plugin_vendor/share/gz:/opt/ros/jazzy/opt/gz_fuel_tools_vendor/share/gz:/opt/ros/jazzy/opt/gz_msgs_vendor/share/gz:/opt/ros/jazzy/opt/gz_common_vendor/share/gz', 'HOSTNAME': 'pop-os', 'SHLVL': '1', 'LD_LIBRARY_PATH': '/opt/ros/jazzy/opt/gz_sim_vendor/lib:/opt/ros/jazzy/opt/gz_sensors_vendor/lib:/opt/ros/jazzy/opt/gz_physics_vendor/lib:/opt/ros/jazzy/opt/sdformat_vendor/lib:/opt/ros/jazzy/opt/rviz_ogre_vendor/lib:/opt/ros/jazzy/lib/x86_64-linux-gnu:/opt/ros/jazzy/opt/gz_gui_vendor/lib:/opt/ros/jazzy/opt/gz_transport_vendor/lib:/opt/ros/jazzy/opt/gz_rendering_vendor/lib:/opt/ros/jazzy/opt/gz_plugin_vendor/lib:/opt/ros/jazzy/opt/gz_fuel_tools_vendor/lib:/opt/ros/jazzy/opt/gz_msgs_vendor/lib:/opt/ros/jazzy/opt/gz_common_vendor/lib:/opt/ros/jazzy/opt/gz_math_vendor/lib:/opt/ros/jazzy/opt/gz_utils_vendor/lib:/opt/ros/jazzy/opt/gz_tools_vendor/lib:/opt/ros/jazzy/opt/gz_ogre_next_vendor/lib:/opt/ros/jazzy/opt/gz_dartsim_vendor/lib:/opt/ros/jazzy/opt/gz_cmake_vendor/lib:/opt/ros/jazzy/lib', 'HOME': '/home/host', 'OLDPWD': '/home/host/ros_ws', 'ROS_PYTHON_VERSION': '3', 'PS1': '(ROS_ID=$ROS_DOMAIN_ID) \\u@\\h:\\w$', 'ROS_DISTRO': 'jazzy', '_': '/usr/bin/colcon', 'ROS_VERSION': '2', 'TERM': 'xterm', 'QT_X11_NO_MITSHM': '1', 'PATH': '/opt/ros/jazzy/opt/gz_msgs_vendor/bin:/opt/ros/jazzy/opt/gz_tools_vendor/bin:/opt/ros/jazzy/opt/gz_ogre_next_vendor/bin:/opt/ros/jazzy/bin:/usr/local/sbin:/usr/local/bin:/usr/sbin:/usr/bin:/sbin:/bin', 'DISPLAY': ':1', 'LANG': 'C.UTF-8', 'ROS_DOMAIN_ID': '0', 'AMENT_PREFIX_PATH': '/opt/ros/jazzy', 'DEBIAN_FRONTEND': 'noninteractive', 'ROS_AUTOMATIC_DISCOVERY_RANGE': 'SUBNET', 'PWD': '/home/host/ros_ws/src/projeto1/build/robot_calc_velocity', 'LC_ALL': 'C.UTF-8', 'PYTHONPATH': '/opt/ros/jazzy/lib/python3.12/site-packages', 'COLCON': '1', 'CMAKE_PREFIX_PATH': '/opt/ros/jazzy/opt/gz_sim_vendor:/opt/ros/jazzy/opt/gz_sensors_vendor:/opt/ros/jazzy/opt/gz_physics_vendor:/opt/ros/jazzy/opt/sdformat_vendor:/opt/ros/jazzy/opt/gz_gui_vendor:/opt/ros/jazzy/opt/gz_transport_vendor:/opt/ros/jazzy/opt/gz_rendering_vendor:/opt/ros/jazzy/opt/gz_plugin_vendor:/opt/ros/jazzy/opt/gz_fuel_tools_vendor:/opt/ros/jazzy/opt/gz_msgs_vendor:/opt/ros/jazzy/opt/gz_common_vendor:/opt/ros/jazzy/opt/gz_math_vendor:/opt/ros/jazzy/opt/gz_utils_vendor:/opt/ros/jazzy/opt/gz_tools_vendor:/opt/ros/jazzy/opt/gz_ogre_next_vendor:/opt/ros/jazzy/opt/gz_dartsim_vendor:/opt/ros/jazzy/opt/gz_cmake_vendor:/opt/ros/jazzy'}), 'shell': False}
[0.099929] (-) TimerEvent: {}
[0.104461] (robot_calc_velocity) StdoutLine: {'line': b'-- The C compiler identification is GNU 13.3.0\n'}
[0.180358] (robot_calc_velocity) StdoutLine: {'line': b'-- The CXX compiler identification is GNU 13.3.0\n'}
[0.196491] (robot_calc_velocity) StdoutLine: {'line': b'-- Detecting C compiler ABI info\n'}
[0.200025] (-) TimerEvent: {}
[0.281544] (robot_calc_velocity) StdoutLine: {'line': b'-- Detecting C compiler ABI info - done\n'}
[0.290691] (robot_calc_velocity) StdoutLine: {'line': b'-- Check for working C compiler: /usr/bin/cc - skipped\n'}
[0.291561] (robot_calc_velocity) StdoutLine: {'line': b'-- Detecting C compile features\n'}
[0.291723] (robot_calc_velocity) StdoutLine: {'line': b'-- Detecting C compile features - done\n'}
[0.300125] (-) TimerEvent: {}
[0.300332] (robot_calc_velocity) StdoutLine: {'line': b'-- Detecting CXX compiler ABI info\n'}
[0.383415] (robot_calc_velocity) StdoutLine: {'line': b'-- Detecting CXX compiler ABI info - done\n'}
[0.394161] (robot_calc_velocity) StdoutLine: {'line': b'-- Check for working CXX compiler: /usr/bin/c++ - skipped\n'}
[0.394536] (robot_calc_velocity) StdoutLine: {'line': b'-- Detecting CXX compile features\n'}
[0.394932] (robot_calc_velocity) StdoutLine: {'line': b'-- Detecting CXX compile features - done\n'}
[0.400220] (-) TimerEvent: {}
[0.408540] (robot_calc_velocity) StdoutLine: {'line': b'-- Found ament_cmake: 2.5.6 (/opt/ros/jazzy/share/ament_cmake/cmake)\n'}
[0.500387] (-) TimerEvent: {}
[0.525694] (robot_calc_velocity) StdoutLine: {'line': b'-- Found Python3: /usr/bin/python3 (found version "3.12.3") found components: Interpreter \n'}
[0.587906] (robot_calc_velocity) StdoutLine: {'line': b'-- Override CMake install command with custom implementation using symlinks instead of copying resources\n'}
[0.600490] (-) TimerEvent: {}
[0.635100] (robot_calc_velocity) StdoutLine: {'line': b'-- Found ament_lint_auto: 0.17.5 (/opt/ros/jazzy/share/ament_lint_auto/cmake)\n'}
[0.700589] (-) TimerEvent: {}
[0.719276] (robot_calc_velocity) StdoutLine: {'line': b"-- Added test 'cppcheck' to perform static code analysis on C / C++ code\n"}
[0.719468] (robot_calc_velocity) StdoutLine: {'line': b'-- Configured cppcheck include dirs: \n'}
[0.719562] (robot_calc_velocity) StdoutLine: {'line': b'-- Configured cppcheck exclude dirs and/or files: \n'}
[0.720348] (robot_calc_velocity) StdoutLine: {'line': b"-- Added test 'lint_cmake' to check CMake code style\n"}
[0.721294] (robot_calc_velocity) StdoutLine: {'line': b"-- Added test 'uncrustify' to check C / C++ code style\n"}
[0.721421] (robot_calc_velocity) StdoutLine: {'line': b'-- Configured uncrustify additional arguments: \n'}
[0.721938] (robot_calc_velocity) StdoutLine: {'line': b"-- Added test 'xmllint' to check XML markup files\n"}
[0.723540] (robot_calc_velocity) StdoutLine: {'line': b'-- Configuring done (0.7s)\n'}
[0.725809] (robot_calc_velocity) StdoutLine: {'line': b'-- Generating done (0.0s)\n'}
[0.727413] (robot_calc_velocity) StdoutLine: {'line': b'-- Build files have been written to: /home/host/ros_ws/src/projeto1/build/robot_calc_velocity\n'}
[0.730716] (robot_calc_velocity) CommandEnded: {'returncode': 0}
[0.731061] (robot_calc_velocity) JobProgress: {'identifier': 'robot_calc_velocity', 'progress': 'build'}
[0.731507] (robot_calc_velocity) Command: {'cmd': ['/usr/bin/cmake', '--build', '/home/host/ros_ws/src/projeto1/build/robot_calc_velocity', '--', '-j12', '-l12'], 'cwd': '/home/host/ros_ws/src/projeto1/build/robot_calc_velocity', 'env': OrderedDict({'GZ_SIM_RESOURCE_PATH': '/opt/ros/jazzy/share', 'GZ_CONFIG_PATH': '/opt/ros/jazzy/opt/gz_sim_vendor/share/gz:/opt/ros/jazzy/opt/sdformat_vendor/share/gz:/opt/ros/jazzy/opt/gz_gui_vendor/share/gz:/opt/ros/jazzy/opt/gz_transport_vendor/share/gz:/opt/ros/jazzy/opt/gz_rendering_vendor/share/gz:/opt/ros/jazzy/opt/gz_plugin_vendor/share/gz:/opt/ros/jazzy/opt/gz_fuel_tools_vendor/share/gz:/opt/ros/jazzy/opt/gz_msgs_vendor/share/gz:/opt/ros/jazzy/opt/gz_common_vendor/share/gz', 'HOSTNAME': 'pop-os', 'SHLVL': '1', 'LD_LIBRARY_PATH': '/opt/ros/jazzy/opt/gz_sim_vendor/lib:/opt/ros/jazzy/opt/gz_sensors_vendor/lib:/opt/ros/jazzy/opt/gz_physics_vendor/lib:/opt/ros/jazzy/opt/sdformat_vendor/lib:/opt/ros/jazzy/opt/rviz_ogre_vendor/lib:/opt/ros/jazzy/lib/x86_64-linux-gnu:/opt/ros/jazzy/opt/gz_gui_vendor/lib:/opt/ros/jazzy/opt/gz_transport_vendor/lib:/opt/ros/jazzy/opt/gz_rendering_vendor/lib:/opt/ros/jazzy/opt/gz_plugin_vendor/lib:/opt/ros/jazzy/opt/gz_fuel_tools_vendor/lib:/opt/ros/jazzy/opt/gz_msgs_vendor/lib:/opt/ros/jazzy/opt/gz_common_vendor/lib:/opt/ros/jazzy/opt/gz_math_vendor/lib:/opt/ros/jazzy/opt/gz_utils_vendor/lib:/opt/ros/jazzy/opt/gz_tools_vendor/lib:/opt/ros/jazzy/opt/gz_ogre_next_vendor/lib:/opt/ros/jazzy/opt/gz_dartsim_vendor/lib:/opt/ros/jazzy/opt/gz_cmake_vendor/lib:/opt/ros/jazzy/lib', 'HOME': '/home/host', 'OLDPWD': '/home/host/ros_ws', 'ROS_PYTHON_VERSION': '3', 'PS1': '(ROS_ID=$ROS_DOMAIN_ID) \\u@\\h:\\w$', 'ROS_DISTRO': 'jazzy', '_': '/usr/bin/colcon', 'ROS_VERSION': '2', 'TERM': 'xterm', 'QT_X11_NO_MITSHM': '1', 'PATH': '/opt/ros/jazzy/opt/gz_msgs_vendor/bin:/opt/ros/jazzy/opt/gz_tools_vendor/bin:/opt/ros/jazzy/opt/gz_ogre_next_vendor/bin:/opt/ros/jazzy/bin:/usr/local/sbin:/usr/local/bin:/usr/sbin:/usr/bin:/sbin:/bin', 'DISPLAY': ':1', 'LANG': 'C.UTF-8', 'ROS_DOMAIN_ID': '0', 'AMENT_PREFIX_PATH': '/opt/ros/jazzy', 'DEBIAN_FRONTEND': 'noninteractive', 'ROS_AUTOMATIC_DISCOVERY_RANGE': 'SUBNET', 'PWD': '/home/host/ros_ws/src/projeto1/build/robot_calc_velocity', 'LC_ALL': 'C.UTF-8', 'PYTHONPATH': '/opt/ros/jazzy/lib/python3.12/site-packages', 'COLCON': '1', 'CMAKE_PREFIX_PATH': '/opt/ros/jazzy/opt/gz_sim_vendor:/opt/ros/jazzy/opt/gz_sensors_vendor:/opt/ros/jazzy/opt/gz_physics_vendor:/opt/ros/jazzy/opt/sdformat_vendor:/opt/ros/jazzy/opt/gz_gui_vendor:/opt/ros/jazzy/opt/gz_transport_vendor:/opt/ros/jazzy/opt/gz_rendering_vendor:/opt/ros/jazzy/opt/gz_plugin_vendor:/opt/ros/jazzy/opt/gz_fuel_tools_vendor:/opt/ros/jazzy/opt/gz_msgs_vendor:/opt/ros/jazzy/opt/gz_common_vendor:/opt/ros/jazzy/opt/gz_math_vendor:/opt/ros/jazzy/opt/gz_utils_vendor:/opt/ros/jazzy/opt/gz_tools_vendor:/opt/ros/jazzy/opt/gz_ogre_next_vendor:/opt/ros/jazzy/opt/gz_dartsim_vendor:/opt/ros/jazzy/opt/gz_cmake_vendor:/opt/ros/jazzy'}), 'shell': False}
[0.767395] (robot_calc_velocity) CommandEnded: {'returncode': 0}
[0.767972] (robot_calc_velocity) JobProgress: {'identifier': 'robot_calc_velocity', 'progress': 'install'}
[0.775282] (robot_calc_velocity) Command: {'cmd': ['/usr/bin/cmake', '--install', '/home/host/ros_ws/src/projeto1/build/robot_calc_velocity'], 'cwd': '/home/host/ros_ws/src/projeto1/build/robot_calc_velocity', 'env': OrderedDict({'GZ_SIM_RESOURCE_PATH': '/opt/ros/jazzy/share', 'GZ_CONFIG_PATH': '/opt/ros/jazzy/opt/gz_sim_vendor/share/gz:/opt/ros/jazzy/opt/sdformat_vendor/share/gz:/opt/ros/jazzy/opt/gz_gui_vendor/share/gz:/opt/ros/jazzy/opt/gz_transport_vendor/share/gz:/opt/ros/jazzy/opt/gz_rendering_vendor/share/gz:/opt/ros/jazzy/opt/gz_plugin_vendor/share/gz:/opt/ros/jazzy/opt/gz_fuel_tools_vendor/share/gz:/opt/ros/jazzy/opt/gz_msgs_vendor/share/gz:/opt/ros/jazzy/opt/gz_common_vendor/share/gz', 'HOSTNAME': 'pop-os', 'SHLVL': '1', 'LD_LIBRARY_PATH': '/opt/ros/jazzy/opt/gz_sim_vendor/lib:/opt/ros/jazzy/opt/gz_sensors_vendor/lib:/opt/ros/jazzy/opt/gz_physics_vendor/lib:/opt/ros/jazzy/opt/sdformat_vendor/lib:/opt/ros/jazzy/opt/rviz_ogre_vendor/lib:/opt/ros/jazzy/lib/x86_64-linux-gnu:/opt/ros/jazzy/opt/gz_gui_vendor/lib:/opt/ros/jazzy/opt/gz_transport_vendor/lib:/opt/ros/jazzy/opt/gz_rendering_vendor/lib:/opt/ros/jazzy/opt/gz_plugin_vendor/lib:/opt/ros/jazzy/opt/gz_fuel_tools_vendor/lib:/opt/ros/jazzy/opt/gz_msgs_vendor/lib:/opt/ros/jazzy/opt/gz_common_vendor/lib:/opt/ros/jazzy/opt/gz_math_vendor/lib:/opt/ros/jazzy/opt/gz_utils_vendor/lib:/opt/ros/jazzy/opt/gz_tools_vendor/lib:/opt/ros/jazzy/opt/gz_ogre_next_vendor/lib:/opt/ros/jazzy/opt/gz_dartsim_vendor/lib:/opt/ros/jazzy/opt/gz_cmake_vendor/lib:/opt/ros/jazzy/lib', 'HOME': '/home/host', 'OLDPWD': '/home/host/ros_ws', 'ROS_PYTHON_VERSION': '3', 'PS1': '(ROS_ID=$ROS_DOMAIN_ID) \\u@\\h:\\w$', 'ROS_DISTRO': 'jazzy', '_': '/usr/bin/colcon', 'ROS_VERSION': '2', 'TERM': 'xterm', 'QT_X11_NO_MITSHM': '1', 'PATH': '/opt/ros/jazzy/opt/gz_msgs_vendor/bin:/opt/ros/jazzy/opt/gz_tools_vendor/bin:/opt/ros/jazzy/opt/gz_ogre_next_vendor/bin:/opt/ros/jazzy/bin:/usr/local/sbin:/usr/local/bin:/usr/sbin:/usr/bin:/sbin:/bin', 'DISPLAY': ':1', 'LANG': 'C.UTF-8', 'ROS_DOMAIN_ID': '0', 'AMENT_PREFIX_PATH': '/opt/ros/jazzy', 'DEBIAN_FRONTEND': 'noninteractive', 'ROS_AUTOMATIC_DISCOVERY_RANGE': 'SUBNET', 'PWD': '/home/host/ros_ws/src/projeto1/build/robot_calc_velocity', 'LC_ALL': 'C.UTF-8', 'PYTHONPATH': '/opt/ros/jazzy/lib/python3.12/site-packages', 'COLCON': '1', 'CMAKE_PREFIX_PATH': '/opt/ros/jazzy/opt/gz_sim_vendor:/opt/ros/jazzy/opt/gz_sensors_vendor:/opt/ros/jazzy/opt/gz_physics_vendor:/opt/ros/jazzy/opt/sdformat_vendor:/opt/ros/jazzy/opt/gz_gui_vendor:/opt/ros/jazzy/opt/gz_transport_vendor:/opt/ros/jazzy/opt/gz_rendering_vendor:/opt/ros/jazzy/opt/gz_plugin_vendor:/opt/ros/jazzy/opt/gz_fuel_tools_vendor:/opt/ros/jazzy/opt/gz_msgs_vendor:/opt/ros/jazzy/opt/gz_common_vendor:/opt/ros/jazzy/opt/gz_math_vendor:/opt/ros/jazzy/opt/gz_utils_vendor:/opt/ros/jazzy/opt/gz_tools_vendor:/opt/ros/jazzy/opt/gz_ogre_next_vendor:/opt/ros/jazzy/opt/gz_dartsim_vendor:/opt/ros/jazzy/opt/gz_cmake_vendor:/opt/ros/jazzy'}), 'shell': False}
[0.784024] (robot_calc_velocity) StdoutLine: {'line': b'-- Install configuration: ""\n'}
[0.784490] (robot_calc_velocity) StdoutLine: {'line': b'-- Execute custom install script\n'}
[0.784671] (robot_calc_velocity) StdoutLine: {'line': b'-- Symlinking: /home/host/ros_ws/src/projeto1/install/robot_calc_velocity/share/ament_index/resource_index/package_run_dependencies/robot_calc_velocity\n'}
[0.792270] (robot_calc_velocity) StdoutLine: {'line': b'-- Symlinking: /home/host/ros_ws/src/projeto1/install/robot_calc_velocity/share/ament_index/resource_index/parent_prefix_path/robot_calc_velocity\n'}
[0.800232] (robot_calc_velocity) StdoutLine: {'line': b'-- Symlinking: /home/host/ros_ws/src/projeto1/install/robot_calc_velocity/share/robot_calc_velocity/environment/ament_prefix_path.sh\n'}
[0.800656] (-) TimerEvent: {}
[0.809259] (robot_calc_velocity) StdoutLine: {'line': b'-- Symlinking: /home/host/ros_ws/src/projeto1/install/robot_calc_velocity/share/robot_calc_velocity/environment/ament_prefix_path.dsv\n'}
[0.816773] (robot_calc_velocity) StdoutLine: {'line': b'-- Symlinking: /home/host/ros_ws/src/projeto1/install/robot_calc_velocity/share/robot_calc_velocity/environment/path.sh\n'}
[0.824094] (robot_calc_velocity) StdoutLine: {'line': b'-- Symlinking: /home/host/ros_ws/src/projeto1/install/robot_calc_velocity/share/robot_calc_velocity/environment/path.dsv\n'}
[0.833497] (robot_calc_velocity) StdoutLine: {'line': b'-- Symlinking: /home/host/ros_ws/src/projeto1/install/robot_calc_velocity/share/robot_calc_velocity/local_setup.bash\n'}
[0.838748] (robot_calc_velocity) StdoutLine: {'line': b'-- Symlinking: /home/host/ros_ws/src/projeto1/install/robot_calc_velocity/share/robot_calc_velocity/local_setup.sh\n'}
[0.847946] (robot_calc_velocity) StdoutLine: {'line': b'-- Symlinking: /home/host/ros_ws/src/projeto1/install/robot_calc_velocity/share/robot_calc_velocity/local_setup.zsh\n'}
[0.853847] (robot_calc_velocity) StdoutLine: {'line': b'-- Symlinking: /home/host/ros_ws/src/projeto1/install/robot_calc_velocity/share/robot_calc_velocity/local_setup.dsv\n'}
[0.859305] (robot_calc_velocity) StdoutLine: {'line': b'-- Symlinking: /home/host/ros_ws/src/projeto1/install/robot_calc_velocity/share/robot_calc_velocity/package.dsv\n'}
[0.865225] (robot_calc_velocity) StdoutLine: {'line': b'-- Symlinking: /home/host/ros_ws/src/projeto1/install/robot_calc_velocity/share/ament_index/resource_index/packages/robot_calc_velocity\n'}
[0.872586] (robot_calc_velocity) StdoutLine: {'line': b'-- Symlinking: /home/host/ros_ws/src/projeto1/install/robot_calc_velocity/share/robot_calc_velocity/cmake/robot_calc_velocityConfig.cmake\n'}
[0.878433] (robot_calc_velocity) StdoutLine: {'line': b'-- Symlinking: /home/host/ros_ws/src/projeto1/install/robot_calc_velocity/share/robot_calc_velocity/cmake/robot_calc_velocityConfig-version.cmake\n'}
[0.884718] (robot_calc_velocity) StdoutLine: {'line': b'-- Symlinking: /home/host/ros_ws/src/projeto1/install/robot_calc_velocity/share/robot_calc_velocity/package.xml\n'}
[0.891129] (robot_calc_velocity) CommandEnded: {'returncode': 0}
[0.900912] (-) TimerEvent: {}
[0.906764] (robot_calc_velocity) JobEnded: {'identifier': 'robot_calc_velocity', 'rc': 0}
[0.907344] (-) EventReactorShutdown: {}
