-- Found ament_cmake: 2.5.6 (/opt/ros/jazzy/share/ament_cmake/cmake)
-- Override CMake install command with custom implementation using symlinks instead of copying resources
-- Found rclcpp: 28.1.21 (/opt/ros/jazzy/share/rclcpp/cmake)
-- Found rosidl_generator_c: 4.6.9 (/opt/ros/jazzy/share/rosidl_generator_c/cmake)
-- Found rosidl_generator_cpp: 4.6.9 (/opt/ros/jazzy/share/rosidl_generator_cpp/cmake)
-- Using all available rosidl_typesupport_c: rosidl_typesupport_fastrtps_c;rosidl_typesupport_introspection_c
-- Using all available rosidl_typesupport_cpp: rosidl_typesupport_fastrtps_cpp;rosidl_typesupport_introspection_cpp
-- Found rmw_implementation_cmake: 7.3.3 (/opt/ros/jazzy/share/rmw_implementation_cmake/cmake)
-- Found rmw_fastrtps_cpp: 8.4.4 (/opt/ros/jazzy/share/rmw_fastrtps_cpp/cmake)
-- Found OpenSSL: /usr/lib/x86_64-linux-gnu/libcrypto.so (found version "3.0.13")  
-- Found FastRTPS: /opt/ros/jazzy/include (Required is at least version "2.13") 
-- Using RMW implementation 'rmw_fastrtps_cpp' as default
-- Found geometry_msgs: 5.3.8 (/opt/ros/jazzy/share/geometry_msgs/cmake)
-- Found ament_lint_auto: 0.17.5 (/opt/ros/jazzy/share/ament_lint_auto/cmake)
-- Added test 'cppcheck' to perform static code analysis on C / C++ code
-- Configured cppcheck include dirs: $<BUILD_INTERFACE:/home/host/ros_ws/src/projeto1/robot_calc_velocity/include>
-- Configured cppcheck exclude dirs and/or files: 
-- Added test 'lint_cmake' to check CMake code style
-- Added test 'uncrustify' to check C / C++ code style
-- Configured uncrustify additional arguments: 
-- Added test 'xmllint' to check XML markup files
-- Configuring done (0.7s)
-- Generating done (0.0s)
-- Build files have been written to: /home/host/ros_ws/src/projeto1/build/robot_calc_velocity
[ 50%] [32mBuilding CXX object CMakeFiles/controller.dir/src/controller.cpp.o[0m
[100%] [32m[1mLinking CXX executable controller[0m
[100%] Built target controller
-- Install configuration: ""
-- Execute custom install script
-- Symlinking: /home/host/ros_ws/src/projeto1/install/robot_calc_velocity/lib/robot_calc_velocity/controller
-- Up-to-date symlink: /home/host/ros_ws/src/projeto1/install/robot_calc_velocity/share/ament_index/resource_index/package_run_dependencies/robot_calc_velocity
-- Up-to-date symlink: /home/host/ros_ws/src/projeto1/install/robot_calc_velocity/share/ament_index/resource_index/parent_prefix_path/robot_calc_velocity
-- Up-to-date symlink: /home/host/ros_ws/src/projeto1/install/robot_calc_velocity/share/robot_calc_velocity/environment/ament_prefix_path.sh
-- Up-to-date symlink: /home/host/ros_ws/src/projeto1/install/robot_calc_velocity/share/robot_calc_velocity/environment/ament_prefix_path.dsv
-- Up-to-date symlink: /home/host/ros_ws/src/projeto1/install/robot_calc_velocity/share/robot_calc_velocity/environment/path.sh
-- Up-to-date symlink: /home/host/ros_ws/src/projeto1/install/robot_calc_velocity/share/robot_calc_velocity/environment/path.dsv
-- Up-to-date symlink: /home/host/ros_ws/src/projeto1/install/robot_calc_velocity/share/robot_calc_velocity/local_setup.bash
-- Up-to-date symlink: /home/host/ros_ws/src/projeto1/install/robot_calc_velocity/share/robot_calc_velocity/local_setup.sh
-- Up-to-date symlink: /home/host/ros_ws/src/projeto1/install/robot_calc_velocity/share/robot_calc_velocity/local_setup.zsh
-- Up-to-date symlink: /home/host/ros_ws/src/projeto1/install/robot_calc_velocity/share/robot_calc_velocity/local_setup.dsv
-- Symlinking: /home/host/ros_ws/src/projeto1/install/robot_calc_velocity/share/robot_calc_velocity/package.dsv
-- Up-to-date symlink: /home/host/ros_ws/src/projeto1/install/robot_calc_velocity/share/ament_index/resource_index/packages/robot_calc_velocity
-- Up-to-date symlink: /home/host/ros_ws/src/projeto1/install/robot_calc_velocity/share/robot_calc_velocity/cmake/robot_calc_velocityConfig.cmake
-- Up-to-date symlink: /home/host/ros_ws/src/projeto1/install/robot_calc_velocity/share/robot_calc_velocity/cmake/robot_calc_velocityConfig-version.cmake
-- Up-to-date symlink: /home/host/ros_ws/src/projeto1/install/robot_calc_velocity/share/robot_calc_velocity/package.xml
