[0.008s] Invoking command in '/home/host/ros_ws/src/projeto1/build/robot_calc_velocity': CMAKE_PREFIX_PATH=${CMAKE_PREFIX_PATH}:/opt/ros/jazzy /usr/bin/cmake --build /home/host/ros_ws/src/projeto1/build/robot_calc_velocity -- -j12 -l12
[0.031s] -- Found ament_cmake: 2.5.6 (/opt/ros/jazzy/share/ament_cmake/cmake)
[0.191s] -- Override CMake install command with custom implementation using symlinks instead of copying resources
[0.199s] -- Found rclcpp: 28.1.21 (/opt/ros/jazzy/share/rclcpp/cmake)
[0.252s] -- Found rosidl_generator_c: 4.6.9 (/opt/ros/jazzy/share/rosidl_generator_c/cmake)
[0.267s] -- Found rosidl_generator_cpp: 4.6.9 (/opt/ros/jazzy/share/rosidl_generator_cpp/cmake)
[0.285s] -- Using all available rosidl_typesupport_c: rosidl_typesupport_fastrtps_c;rosidl_typesupport_introspection_c
[0.305s] -- Using all available rosidl_typesupport_cpp: rosidl_typesupport_fastrtps_cpp;rosidl_typesupport_introspection_cpp
[0.399s] -- Found rmw_implementation_cmake: 7.3.3 (/opt/ros/jazzy/share/rmw_implementation_cmake/cmake)
[0.405s] -- Found rmw_fastrtps_cpp: 8.4.4 (/opt/ros/jazzy/share/rmw_fastrtps_cpp/cmake)
[0.506s] -- Found OpenSSL: /usr/lib/x86_64-linux-gnu/libcrypto.so (found version "3.0.13")  
[0.523s] -- Found FastRTPS: /opt/ros/jazzy/include (Required is at least version "2.13") 
[0.542s] -- Using RMW implementation 'rmw_fastrtps_cpp' as default
[0.620s] -- Found geometry_msgs: 5.3.8 (/opt/ros/jazzy/share/geometry_msgs/cmake)
[0.652s] -- Found ament_lint_auto: 0.17.5 (/opt/ros/jazzy/share/ament_lint_auto/cmake)
[0.721s] -- Added test 'cppcheck' to perform static code analysis on C / C++ code
[0.721s] -- Configured cppcheck include dirs: $<BUILD_INTERFACE:/home/host/ros_ws/src/projeto1/robot_calc_velocity/include>
[0.721s] -- Configured cppcheck exclude dirs and/or files: 
[0.722s] -- Added test 'lint_cmake' to check CMake code style
[0.722s] -- Added test 'uncrustify' to check C / C++ code style
[0.722s] -- Configured uncrustify additional arguments: 
[0.722s] -- Added test 'xmllint' to check XML markup files
[0.723s] -- Configuring done (0.7s)
[0.731s] -- Generating done (0.0s)
[0.734s] -- Build files have been written to: /home/host/ros_ws/src/projeto1/build/robot_calc_velocity
[0.770s] [ 50%] [32mBuilding CXX object CMakeFiles/controller.dir/src/controller.cpp.o[0m
[7.230s] [100%] [32m[1mLinking CXX executable controller[0m
[7.528s] [100%] Built target controller
[7.537s] Invoked command in '/home/host/ros_ws/src/projeto1/build/robot_calc_velocity' returned '0': CMAKE_PREFIX_PATH=${CMAKE_PREFIX_PATH}:/opt/ros/jazzy /usr/bin/cmake --build /home/host/ros_ws/src/projeto1/build/robot_calc_velocity -- -j12 -l12
[7.546s] Invoking command in '/home/host/ros_ws/src/projeto1/build/robot_calc_velocity': CMAKE_PREFIX_PATH=${CMAKE_PREFIX_PATH}:/opt/ros/jazzy /usr/bin/cmake --install /home/host/ros_ws/src/projeto1/build/robot_calc_velocity
[7.553s] -- Install configuration: ""
[7.553s] -- Execute custom install script
[7.553s] -- Symlinking: /home/host/ros_ws/src/projeto1/install/robot_calc_velocity/lib/robot_calc_velocity/controller
[7.560s] -- Up-to-date symlink: /home/host/ros_ws/src/projeto1/install/robot_calc_velocity/share/ament_index/resource_index/package_run_dependencies/robot_calc_velocity
[7.560s] -- Up-to-date symlink: /home/host/ros_ws/src/projeto1/install/robot_calc_velocity/share/ament_index/resource_index/parent_prefix_path/robot_calc_velocity
[7.560s] -- Up-to-date symlink: /home/host/ros_ws/src/projeto1/install/robot_calc_velocity/share/robot_calc_velocity/environment/ament_prefix_path.sh
[7.560s] -- Up-to-date symlink: /home/host/ros_ws/src/projeto1/install/robot_calc_velocity/share/robot_calc_velocity/environment/ament_prefix_path.dsv
[7.560s] -- Up-to-date symlink: /home/host/ros_ws/src/projeto1/install/robot_calc_velocity/share/robot_calc_velocity/environment/path.sh
[7.560s] -- Up-to-date symlink: /home/host/ros_ws/src/projeto1/install/robot_calc_velocity/share/robot_calc_velocity/environment/path.dsv
[7.561s] -- Up-to-date symlink: /home/host/ros_ws/src/projeto1/install/robot_calc_velocity/share/robot_calc_velocity/local_setup.bash
[7.561s] -- Up-to-date symlink: /home/host/ros_ws/src/projeto1/install/robot_calc_velocity/share/robot_calc_velocity/local_setup.sh
[7.561s] -- Up-to-date symlink: /home/host/ros_ws/src/projeto1/install/robot_calc_velocity/share/robot_calc_velocity/local_setup.zsh
[7.561s] -- Up-to-date symlink: /home/host/ros_ws/src/projeto1/install/robot_calc_velocity/share/robot_calc_velocity/local_setup.dsv
[7.561s] -- Symlinking: /home/host/ros_ws/src/projeto1/install/robot_calc_velocity/share/robot_calc_velocity/package.dsv
[7.568s] -- Up-to-date symlink: /home/host/ros_ws/src/projeto1/install/robot_calc_velocity/share/ament_index/resource_index/packages/robot_calc_velocity
[7.568s] -- Up-to-date symlink: /home/host/ros_ws/src/projeto1/install/robot_calc_velocity/share/robot_calc_velocity/cmake/robot_calc_velocityConfig.cmake
[7.568s] -- Up-to-date symlink: /home/host/ros_ws/src/projeto1/install/robot_calc_velocity/share/robot_calc_velocity/cmake/robot_calc_velocityConfig-version.cmake
[7.568s] -- Up-to-date symlink: /home/host/ros_ws/src/projeto1/install/robot_calc_velocity/share/robot_calc_velocity/package.xml
[7.569s] Invoked command in '/home/host/ros_ws/src/projeto1/build/robot_calc_velocity' returned '0': CMAKE_PREFIX_PATH=${CMAKE_PREFIX_PATH}:/opt/ros/jazzy /usr/bin/cmake --install /home/host/ros_ws/src/projeto1/build/robot_calc_velocity
