[0.011s] Invoking command in '/home/host/ros_ws/src/projeto1/build/robot_calc_velocity': CMAKE_PREFIX_PATH=${CMAKE_PREFIX_PATH}:/opt/ros/jazzy /usr/bin/cmake /home/host/ros_ws/src/projeto1/robot_calc_velocity -DAMENT_CMAKE_SYMLINK_INSTALL=1 -DCMAKE_INSTALL_PREFIX=/home/host/ros_ws/src/projeto1/install/robot_calc_velocity
[0.104s] -- The C compiler identification is GNU 13.3.0
[0.180s] -- The CXX compiler identification is GNU 13.3.0
[0.196s] -- Detecting C compiler ABI info
[0.281s] -- Detecting C compiler ABI info - done
[0.290s] -- Check for working C compiler: /usr/bin/cc - skipped
[0.291s] -- Detecting C compile features
[0.291s] -- Detecting C compile features - done
[0.300s] -- Detecting CXX compiler ABI info
[0.383s] -- Detecting CXX compiler ABI info - done
[0.394s] -- Check for working CXX compiler: /usr/bin/c++ - skipped
[0.394s] -- Detecting CXX compile features
[0.394s] -- Detecting CXX compile features - done
[0.408s] -- Found ament_cmake: 2.5.6 (/opt/ros/jazzy/share/ament_cmake/cmake)
[0.525s] -- Found Python3: /usr/bin/python3 (found version "3.12.3") found components: Interpreter 
[0.587s] -- Override CMake install command with custom implementation using symlinks instead of copying resources
[0.635s] -- Found ament_lint_auto: 0.17.5 (/opt/ros/jazzy/share/ament_lint_auto/cmake)
[0.719s] -- Added test 'cppcheck' to perform static code analysis on C / C++ code
[0.719s] -- Configured cppcheck include dirs: 
[0.719s] -- Configured cppcheck exclude dirs and/or files: 
[0.720s] -- Added test 'lint_cmake' to check CMake code style
[0.721s] -- Added test 'uncrustify' to check C / C++ code style
[0.721s] -- Configured uncrustify additional arguments: 
[0.721s] -- Added test 'xmllint' to check XML markup files
[0.723s] -- Configuring done (0.7s)
[0.725s] -- Generating done (0.0s)
[0.727s] -- Build files have been written to: /home/host/ros_ws/src/projeto1/build/robot_calc_velocity
[0.730s] Invoked command in '/home/host/ros_ws/src/projeto1/build/robot_calc_velocity' returned '0': CMAKE_PREFIX_PATH=${CMAKE_PREFIX_PATH}:/opt/ros/jazzy /usr/bin/cmake /home/host/ros_ws/src/projeto1/robot_calc_velocity -DAMENT_CMAKE_SYMLINK_INSTALL=1 -DCMAKE_INSTALL_PREFIX=/home/host/ros_ws/src/projeto1/install/robot_calc_velocity
[0.731s] Invoking command in '/home/host/ros_ws/src/projeto1/build/robot_calc_velocity': CMAKE_PREFIX_PATH=${CMAKE_PREFIX_PATH}:/opt/ros/jazzy /usr/bin/cmake --build /home/host/ros_ws/src/projeto1/build/robot_calc_velocity -- -j12 -l12
[0.767s] Invoked command in '/home/host/ros_ws/src/projeto1/build/robot_calc_velocity' returned '0': CMAKE_PREFIX_PATH=${CMAKE_PREFIX_PATH}:/opt/ros/jazzy /usr/bin/cmake --build /home/host/ros_ws/src/projeto1/build/robot_calc_velocity -- -j12 -l12
[0.775s] Invoking command in '/home/host/ros_ws/src/projeto1/build/robot_calc_velocity': CMAKE_PREFIX_PATH=${CMAKE_PREFIX_PATH}:/opt/ros/jazzy /usr/bin/cmake --install /home/host/ros_ws/src/projeto1/build/robot_calc_velocity
[0.784s] -- Install configuration: ""
[0.784s] -- Execute custom install script
[0.784s] -- Symlinking: /home/host/ros_ws/src/projeto1/install/robot_calc_velocity/share/ament_index/resource_index/package_run_dependencies/robot_calc_velocity
[0.792s] -- Symlinking: /home/host/ros_ws/src/projeto1/install/robot_calc_velocity/share/ament_index/resource_index/parent_prefix_path/robot_calc_velocity
[0.800s] -- Symlinking: /home/host/ros_ws/src/projeto1/install/robot_calc_velocity/share/robot_calc_velocity/environment/ament_prefix_path.sh
[0.809s] -- Symlinking: /home/host/ros_ws/src/projeto1/install/robot_calc_velocity/share/robot_calc_velocity/environment/ament_prefix_path.dsv
[0.816s] -- Symlinking: /home/host/ros_ws/src/projeto1/install/robot_calc_velocity/share/robot_calc_velocity/environment/path.sh
[0.824s] -- Symlinking: /home/host/ros_ws/src/projeto1/install/robot_calc_velocity/share/robot_calc_velocity/environment/path.dsv
[0.833s] -- Symlinking: /home/host/ros_ws/src/projeto1/install/robot_calc_velocity/share/robot_calc_velocity/local_setup.bash
[0.838s] -- Symlinking: /home/host/ros_ws/src/projeto1/install/robot_calc_velocity/share/robot_calc_velocity/local_setup.sh
[0.847s] -- Symlinking: /home/host/ros_ws/src/projeto1/install/robot_calc_velocity/share/robot_calc_velocity/local_setup.zsh
[0.853s] -- Symlinking: /home/host/ros_ws/src/projeto1/install/robot_calc_velocity/share/robot_calc_velocity/local_setup.dsv
[0.859s] -- Symlinking: /home/host/ros_ws/src/projeto1/install/robot_calc_velocity/share/robot_calc_velocity/package.dsv
[0.865s] -- Symlinking: /home/host/ros_ws/src/projeto1/install/robot_calc_velocity/share/ament_index/resource_index/packages/robot_calc_velocity
[0.872s] -- Symlinking: /home/host/ros_ws/src/projeto1/install/robot_calc_velocity/share/robot_calc_velocity/cmake/robot_calc_velocityConfig.cmake
[0.878s] -- Symlinking: /home/host/ros_ws/src/projeto1/install/robot_calc_velocity/share/robot_calc_velocity/cmake/robot_calc_velocityConfig-version.cmake
[0.884s] -- Symlinking: /home/host/ros_ws/src/projeto1/install/robot_calc_velocity/share/robot_calc_velocity/package.xml
[0.891s] Invoked command in '/home/host/ros_ws/src/projeto1/build/robot_calc_velocity' returned '0': CMAKE_PREFIX_PATH=${CMAKE_PREFIX_PATH}:/opt/ros/jazzy /usr/bin/cmake --install /home/host/ros_ws/src/projeto1/build/robot_calc_velocity
